­ƒº¬ Testing Sottobosco White parsing

============================================================

­ƒôØ Recipe: Sottobosco White

­ƒÑÿ Base Ingredients:
   ÔÇó Mozzarella di bufala e funghi porcini spadellati
     ÔåÆ Normalized: "mozzarella di bufala e funghi porcini spadellati"

ÔØä´©Å  Post-Bake Toppings:
   ÔÇó Carpaccio di tartufo nero
     ÔåÆ Normalized: "carpaccio di tartufo nero"
   ÔÇó nocciole piemontesi tostate e tritate
     ÔåÆ Normalized: "nocciole piemontesi tostate e tritate"
   ÔÇó timo fresco
     ÔåÆ Normalized: "timo"

============================================================
