[dotenv@17.2.3] injecting env (6) from .env -- tip: ÔÜÖ´©Å  load multiple .env files with { path: ['.env.local', '.env'] }
========================================
  TEST WINDOWS AUTHENTICATION
========================================

­ƒöº Tentativo con Windows Authentication...

Server: 10.1.1.140
Database: AntigraviPizza
Auth: Windows (current user)

ÔØî Errore con Windows Auth: Login failed for user ''.
   Codice: ELOGIN

­ƒôï DIAGNOSI COMPLETA:
ÔöÇÔöÇÔöÇÔöÇÔöÇÔöÇÔöÇÔöÇÔöÇÔöÇÔöÇÔöÇÔöÇÔöÇÔöÇÔöÇÔöÇÔöÇÔöÇÔöÇÔöÇÔöÇÔöÇÔöÇÔöÇÔöÇÔöÇÔöÇÔöÇÔöÇÔöÇÔöÇÔöÇÔöÇÔöÇÔöÇÔöÇÔöÇÔöÇÔöÇÔöÇÔöÇÔöÇÔöÇÔöÇÔöÇÔöÇÔöÇÔöÇÔöÇ
ÔØî SQL Authentication: FALLITA (ELOGIN)
ÔØî Windows Authentication: FALLITA

­ƒöì Il problema ├¿ probabilmente uno di questi:

1. SQL Server NON configurato per autenticazione SQL
   Soluzione: Abilitare "SQL Server and Windows Authentication mode"
   in SQL Server Management Studio > Server Properties > Security

2. Utente "sa" DISABILITATO
   Soluzione: Abilitare l'utente sa in SSMS

3. TCP/IP NON ABILITATO
   Soluzione: Abilitare TCP/IP in SQL Server Configuration Manager

4. Password ERRATA o con caratteri speciali problematici
   Soluzione: Verificare/cambiare la password dell'utente sa

5. SQL Server richiede ENCRYPTION
   Soluzione: Provare con encrypt: true nella configurazione
